 
C:\Users\pc>git branch
  charlesdjade
* main

C:\Users\pc>git add resumé.docx
fatal: pathspec 'resumé.docx' did not match any files

C:\Users\pc>git add rapport.docx
fatal: pathspec 'rapport.docx' did not match any files

C:\Users\pc>git commit -m "rapport.docx"
warning: could not open directory 'Application Data/': Permission denied
warning: could not open directory 'Cookies/': Permission denied
warning: could not open directory 'Local Settings/': Permission denied
warning: could not open directory 'Menu Démarrer/': Permission denied
warning: could not open directory 'Mes documents/': Permission denied
warning: could not open directory 'Modèles/': Permission denied
warning: could not open directory 'Recent/': Permission denied
warning: could not open directory 'SendTo/': Permission denied
warning: could not open directory 'Voisinage d'impression/': Permission denied
warning: could not open directory 'Voisinage réseau/': Permission denied
On branch main
Changes not staged for commit:
  (use "git add <file>..." to update what will be committed)
  (use "git restore <file>..." to discard changes in working directory)
        modified:   README.md

Untracked files:
  (use "git add <file>..." to include in what will be committed)
        .bash_history
        .gitconfig
        .lesshst
        AppData/
        Contacts/
        Desktop/
        Documents/
        Downloads/
        Favorites/
        Links/
        Local Sites/
        Local/
        Music/
        NTUSER.DAT
        NTUSER.DAT{01033816-b8be-11e8-acdf-c80aa9996c93}.TxR.0.regtrans-ms
        NTUSER.DAT{01033816-b8be-11e8-acdf-c80aa9996c93}.TxR.1.regtrans-ms
        NTUSER.DAT{01033816-b8be-11e8-acdf-c80aa9996c93}.TxR.2.regtrans-ms
        NTUSER.DAT{01033816-b8be-11e8-acdf-c80aa9996c93}.TxR.blf
        NTUSER.DAT{01033817-b8be-11e8-acdf-c80aa9996c93}.TM.blf
        NTUSER.DAT{01033817-b8be-11e8-acdf-c80aa9996c93}.TMContainer00000000000000000001.regtrans-ms
        NTUSER.DAT{01033817-b8be-11e8-acdf-c80aa9996c93}.TMContainer00000000000000000002.regtrans-ms
        OneDrive/
        Pictures/
        Saved Games/
        Searches/
        Videos/
        cd
        git
        mkdir
        mon-projet-dclic/
        mon-projet/
        ntuser.dat.LOG1
        ntuser.dat.LOG2
        ntuser.ini
        ton-projet/

no changes added to commit (use "git add" and/or "git commit -a")

C:\Users\pc>
